\BOOKMARK [0][-]{chapter.1}{\376\377\000S\000t\000r\000e\000s\000z\000c\000z\000e\000n\000i\000e}{}% 1
\BOOKMARK [0][-]{chapter.2}{\376\377\000O\000p\000i\000s\000\040\000z\000a\001\102\000o\001\174\000e\001\104\000\040\000p\000r\000o\000j\000e\000k\000t\000u}{}% 2
\BOOKMARK [1][-]{section.2.1}{\376\377\000C\000e\000l\000\040\000p\000r\000o\000j\000e\000k\000t\000u}{chapter.2}% 3
\BOOKMARK [1][-]{section.2.2}{\376\377\000R\000e\000a\000l\000i\000z\000a\000c\000j\000a\000\040\000p\000r\000o\000j\000e\000k\000t\000u}{chapter.2}% 4
\BOOKMARK [1][-]{section.2.3}{\376\377\000W\000y\000m\000a\000g\000a\000n\000i\000a\000\040\000f\000u\000n\000k\000c\000j\000o\000n\000a\000l\000n\000e\000\040\000o\000r\000a\000z\000\040\000n\000i\000e\000f\000u\000n\000k\000c\000j\000o\000n\000a\000l\000n\000e}{chapter.2}% 5
\BOOKMARK [0][-]{chapter.3}{\376\377\000O\000p\000i\000s\000\040\000s\000t\000r\000u\000k\000t\000u\000r\000y\000\040\000p\000r\000o\000j\000e\000k\000t\000u}{}% 6
\BOOKMARK [1][-]{section.3.1}{\376\377\000T\000e\000c\000h\000n\000o\000l\000o\000g\000i\000e\000\040\000w\000y\000k\000o\000r\000z\000y\000s\000t\000a\000n\000e\000\040\000w\000\040\000p\000r\000o\000j\000e\000k\000c\000i\000e}{chapter.3}% 7
\BOOKMARK [1][-]{section.3.2}{\376\377\000B\000a\000z\000a\000\040\000d\000a\000n\000y\000c\000h}{chapter.3}% 8
\BOOKMARK [2][-]{subsection.3.2.1}{\376\377\000K\000o\000n\000f\000i\000g\000u\000r\000a\000c\000j\000a\000\040\000b\000a\000z\000y\000\040\000d\000a\000n\000y\000c\000h\000\040\000\050\000S\000Q\000L\000\040\000S\000e\000r\000v\000e\000r\000\051}{section.3.2}% 9
\BOOKMARK [2][-]{subsection.3.2.2}{\376\377\000P\000o\001\102\001\005\000c\000z\000e\000n\000i\000e\000\040\000z\000\040\000b\000a\000z\001\005\000\040\000d\000a\000n\000y\000c\000h\000\040\000w\000\040\000V\000i\000s\000u\000a\000l\000\040\000S\000t\000u\000d\000i\000o}{section.3.2}% 10
\BOOKMARK [2][-]{subsection.3.2.3}{\376\377\000K\000o\000n\000f\000i\000g\000u\000r\000a\000c\000j\000a\000\040\001\133\000r\000o\000d\000o\000w\000i\000s\000k\000a\000\040\000V\000i\000s\000u\000a\000l\000\040\000S\000t\000u\000d\000i\000o}{section.3.2}% 11
\BOOKMARK [2][-]{subsection.3.2.4}{\376\377\000N\000o\000r\000m\000a\000l\000i\000z\000a\000c\000j\000a\000\040\000b\000a\000z\000y\000\040\000o\000r\000a\000z\000\040\000I\000n\000t\000e\000g\000r\000a\000l\000n\000o\001\133\001\007\000\040\000d\000a\000n\000y\000c\000h}{section.3.2}% 12
\BOOKMARK [1][-]{section.3.3}{\376\377\000S\000t\000r\000u\000k\000t\000u\000r\000a\000\040\000k\000l\000a\000s}{chapter.3}% 13
\BOOKMARK [1][-]{section.3.4}{\376\377\000N\000a\000j\000w\000a\001\174\000n\000i\000e\000j\000s\000z\000e\000\040\000m\000e\000t\000o\000d\000y}{chapter.3}% 14
\BOOKMARK [2][-]{subsection.3.4.1}{\376\377\000L\000o\000g\000o\000w\000a\000n\000i\000e}{section.3.4}% 15
\BOOKMARK [2][-]{subsection.3.4.2}{\376\377\000Z\000m\000i\000a\000n\000a\000\040\000h\000a\000s\001\102\000a\000\040\000-\000\040\000p\000a\000n\000e\000l\000\040\000u\001\174\000y\000t\000k\000o\000w\000n\000i\000k\000a}{section.3.4}% 16
\BOOKMARK [2][-]{subsection.3.4.3}{\376\377\000Z\000m\000i\000a\000n\000a\000\040\000p\000a\000n\000e\000l\000u\000\040\000w\000y\001\133\000w\000i\000e\000t\000l\000a\000n\000i\000a\000\040\000-\000\040\000p\000a\000n\000e\000l\000\040\000u\001\174\000y\000t\000k\000o\000w\000n\000i\000k\000a}{section.3.4}% 17
\BOOKMARK [2][-]{subsection.3.4.4}{\376\377\000W\000p\001\102\000a\000t\000a\000\040\001\133\000r\000o\000d\000k\000\363\000w\000\040\000-\000\040\000p\000a\000n\000e\000l\000\040\000u\001\174\000y\000t\000k\000o\000w\000n\000i\000k\000a}{section.3.4}% 18
\BOOKMARK [2][-]{subsection.3.4.5}{\376\377\000R\000e\000z\000e\000r\000w\000a\000c\000j\000a\000\040\000z\000a\000b\000i\000e\000g\000u\000\040\000-\000\040\000p\000a\000n\000e\000l\000\040\000u\001\174\000y\000t\000k\000o\000w\000n\000i\000k\000a}{section.3.4}% 19
\BOOKMARK [2][-]{subsection.3.4.6}{\376\377\000L\000i\000s\000t\000a\000\040\000u\001\174\000y\000t\000k\000o\000w\000n\000i\000k\000\363\000w\000\040\000-\000\040\000p\000a\000n\000e\000l\000\040\000a\000d\000m\000i\000n\000i\000s\000t\000r\000a\000t\000o\000r\000a}{section.3.4}% 20
\BOOKMARK [2][-]{subsection.3.4.7}{\376\377\000D\000o\000d\000a\000w\000a\000n\000i\000e\000\040\000w\000e\000t\000e\000r\000y\000n\000a\000r\000z\000a\000\040\000-\000\040\000p\000a\000n\000e\000l\000\040\000a\000d\000m\000i\000n\000i\000s\000t\000r\000a\000t\000o\000r\000a}{section.3.4}% 21
\BOOKMARK [2][-]{subsection.3.4.8}{\376\377\000D\000o\000d\000a\000w\000a\000n\000i\000e\000\040\000z\000a\000b\000i\000e\000g\000u\000\040\000-\000\040\000p\000a\000n\000e\000l\000\040\000a\000d\000m\000i\000n\000i\000s\000t\000r\000a\000t\000o\000r\000a}{section.3.4}% 22
\BOOKMARK [2][-]{subsection.3.4.9}{\376\377\000O\000p\000e\000r\000a\000c\000j\000e\000\040\000n\000a\000\040\000z\000a\000b\000i\000e\000g\000a\000c\000h\000\040\000-\000\040\000p\000a\000n\000e\000l\000\040\000a\000d\000m\000i\000n\000i\000s\000t\000r\000a\000t\000o\000r\000a}{section.3.4}% 23
\BOOKMARK [1][-]{section.3.5}{\376\377\000W\000y\000m\000a\000g\000a\000n\000i\000a\000\040\000s\000p\000r\000z\001\031\000t\000o\000w\000e\000\040\000i\000\040\000n\000a\000r\000z\001\031\000d\000z\000i\000a}{chapter.3}% 24
\BOOKMARK [0][-]{chapter.4}{\376\377\000H\000a\000r\000m\000o\000n\000o\000g\000r\000a\000m\000\040\000r\000e\000a\000l\000i\000z\000a\000c\000j\000i\000\040\000p\000r\000o\000j\000e\000k\000t\000u}{}% 25
\BOOKMARK [0][-]{chapter.5}{\376\377\000P\000r\000e\000z\000e\000n\000t\000a\000c\000j\000a\000\040\000w\000a\000r\000s\000t\000w\000y\000\040\000u\001\174\000y\000t\000k\000o\000w\000e\000j\000\040\000p\000r\000o\000j\000e\000k\000t\000u}{}% 26
\BOOKMARK [1][-]{section.5.1}{\376\377\000P\000a\000n\000e\000l\000\040\000l\000o\000g\000o\000w\000a\000n\000i\000a\000\040\000o\000r\000a\000z\000\040\000r\000e\000j\000e\000s\000t\000r\000a\000c\000j\000i}{chapter.5}% 27
\BOOKMARK [1][-]{section.5.2}{\376\377\000P\000a\000n\000e\000l\000\040\000u\001\174\000y\000t\000k\000o\000w\000n\000i\000k\000a}{chapter.5}% 28
\BOOKMARK [1][-]{section.5.3}{\376\377\000P\000a\000n\000e\000l\000\040\000a\000d\000m\000i\000n\000i\000s\000t\000r\000a\000t\000o\000r\000a}{chapter.5}% 29
\BOOKMARK [1][-]{section.5.4}{\376\377\000U\000r\000u\000c\000h\000o\000m\000i\000e\000n\000i\000e\000\040\000a\000p\000l\000i\000k\000a\000c\000j\000i}{chapter.5}% 30
\BOOKMARK [0][-]{chapter.6}{\376\377\000P\000o\000d\000s\000u\000m\000o\000w\000a\000n\000i\000e}{}% 31
\BOOKMARK [1][-]{section*.59}{\376\377\000B\000i\000b\000l\000i\000o\000g\000r\000a\000f\000i\000a}{chapter.6}% 32
\BOOKMARK [1][-]{chapter*.60}{\376\377\000S\000p\000i\000s\000\040\000r\000y\000s\000u\000n\000k\000\363\000w}{chapter.6}% 33
\BOOKMARK [1][-]{chapter*.60}{\376\377\000S\000p\000i\000s\000\040\000t\000a\000b\000e\000l}{chapter.6}% 34
\BOOKMARK [1][-]{chapter*.60}{\376\377\000S\000p\000i\000s\000\040\000l\000i\000s\000t\000i\000n\000g\000\363\000w}{chapter.6}% 35
\BOOKMARK [1][-]{chapter*.61}{\376\377\000O\001\133\000w\000i\000a\000d\000c\000z\000e\000n\000i\000e\000\040\000s\000t\000u\000d\000e\000n\000t\000a\000\040\000o\000\040\000s\000a\000m\000o\000d\000z\000i\000e\000l\000n\000o\001\133\000c\000i\000\040\000p\000r\000a\000c\000y}{chapter.6}% 36
